git config --global user.name "anitha" 
git config --global user.mail "anitha@gmail.com"


Working directory -> staging -> git local repository -> git remote repository

untracked files -> tracked files -> commited file

1) git- init -> initiate empty git repo
2) git status
Untracked files:
  (use "git add <file>..." to include in what will be committed)
        GitLearning2.txt
        gitLearning1.txt

3) git add .

untracked files to tracked files

4) git commit -m "this is my first commit"
5) git status
-> send it to local repository (On branch master)
6) git add filename -> git add test.txt

7)git commit -m "This is second commit - test.txt file added"
[master bd7fae1] This is second commit - test.txt file added
 1 file changed, 0 insertions(+), 0 deletions(-)
 create mode 100644 test.txt


8) <go to GitHub, add new repository and get the url>
ex: https://github.com/anithavag/AnithaM

9) git remote add origin https://github.com/anithavag/AnithaM

10) git push -u origin master

info:
Enumerating objects: 7, done.
Counting objects: 100% (7/7), done.
Delta compression using up to 16 threads
Compressing objects: 100% (5/5), done.
Writing objects: 100% (7/7), 694 bytes | 694.00 KiB/s, done.
Total 7 (delta 1), reused 0 (delta 0), pack-reused 0 (from 0)
remote: Resolving deltas: 100% (1/1), done.
To https://github.com/anithavag/AnithaM
 * [new branch]      master -> master
branch 'master' set up to track 'origin/master'.

11)  git branch 
* master

12) git add GitLearning2.txt
13) git commit -m "updated GitLearning2.txt with new changes"
1 file changed, 42 insertions(+), 2 deletions(-)

14) git push origin master

15) git add gitLearning1.txt
16) git commit -m "Updated gitLearning1.txt with basic commands"
17) git push origin master
(again I updated the learning2 file. add, commit, push it to GitHub)

18)  git checkout -b new-branch
Switched to a new branch 'new-branch'
PS C:\Users\anith\OneDrive\Desktop\Splitmate\Sample> git branch
  main
  master
* new-branch

19) git merge main
Already up to date.
PS C:\Users\anith\OneDrive\Desktop\Splitmate\Sample> git branch
  main
  master
* new-branch

20) git log
21)  git diff
diff --git a/GitLearning2.txt b/GitLearning2.txt
index 710bdef..61d833b 100644
--- a/GitLearning2.txt
+++ b/GitLearning2.txt
@@ -59,6 +59,24 @@ branch 'master' set up to track 'origin/master'.
 15) git add gitLearning1.txt
 16) git commit -m "Updated gitLearning1.txt with basic commands"
 17) git push origin master
+(again I updated the learning2 file. add, commit, push it to GitHub)
+
+18)  git checkout -b new-branch
+Switched to a new branch 'new-branch'
+PS C:\Users\anith\OneDrive\Desktop\Splitmate\Sample> git branch
+  main
+  master
+* new-branch
+
+19) git merge main
+Already up to date.
+PS C:\Users\anith\OneDrive\Desktop\Splitmate\Sample> git branch
+  main
+  master
+* new-branch
+
+20) git log

22)git reset test.txt
Unstaged changes after reset:
M       GitLearning2.txt

23) git reset --hard
HEAD is now at a8922e0 Updated GitLearning2.txt with new changes from point18

24) git stash
Saved working directory and index state WIP on new-branch: a8922e0 Updated GitLearning2.txt with new changes from point18

25) git stash pop
On branch new-branch
Changes not staged for commit:
  (use "git add <file>..." to update what will be committed)
  (use "git restore <file>..." to discard changes in working directory)
        modified:   GitLearning2.txt

no changes added to commit (use "git add" and/or "git commit -a")
Dropped refs/stash@{0} (f387b6315b132f63c5b615b5bd24a35127ce6b6a)



